// Jest Snapshot v1, https://goo.gl/fbAQLP

exports[`should render password reset form should render password reset form 1`] = `
<div
  className="row"
>
  <div
    className="col s12 m6 offset-m3 l4 offset-l4"
  >
    <div
      className="card white"
    >
      <div
        className="card-content black-text"
      >
        <div
          className="row"
        >
          <div
            className="row"
          >
            <div
              className="col m10 offset-m1"
            >
              <span
                className="card-title teal-text"
              >
                <h5>
                  Reset Password
                </h5>
              </span>
              <p
                className="grey-text"
              >
                Create new password. It should be a strong password with at least 8 characters long with mixed letters and numbers
              </p>
            </div>
          </div>
          <div
            className="col s12 m10 offset-m1"
          >
            <form
              onSubmit={[Function]}
            >
              <div
                className="row"
              >
                <div
                  className="input-field col s12 m12"
                >
                  <i
                    className="material-icons prefix"
                  >
                    vpn_key
                  </i>
                  <input
                    autoComplete="newPassword"
                    className="validate"
                    id="newPassword"
                    name="newPassword"
                    onChange={[Function]}
                    type="password"
                  />
                  <label
                    htmlFor="newPassword"
                  >
                    Password
                  </label>
                  <span
                    className="red-text"
                  >
                    
                  </span>
                </div>
              </div>
              <div
                className="row"
              >
                <div
                  className="input-field col s12 m12"
                >
                  <i
                    className="material-icons prefix"
                  >
                    vpn_key
                  </i>
                  <input
                    autoComplete="confirmPassword"
                    className="validate"
                    id="confirmPassword"
                    name="confirmPassword"
                    onChange={[Function]}
                    type="password"
                  />
                  <label
                    htmlFor="confirmPassword"
                  >
                    Confirm Password
                  </label>
                  <span
                    className="red-text"
                  >
                    
                  </span>
                </div>
              </div>
              <div
                className="row"
              >
                <div
                  className="input-field col s4 m6 l6"
                >
                  <button
                    className="btn btn-small"
                    disabled={true}
                    type="submit"
                  >
                    Submit
                  </button>
                </div>
                <div
                  className="input-field col s8 m6 l6"
                >
                  <button
                    className="btn btn-small white black-text"
                  >
                    <a
                      href="/"
                      onClick={[Function]}
                    >
                      Cancel
                    </a>
                  </button>
                </div>
              </div>
            </form>
          </div>
        </div>
      </div>
    </div>
  </div>
</div>
`;
